------------------------------------------------------------
Timing Analyzer Summary
------------------------------------------------------------

Type  : Slow 1200mV 85C Model Setup 'clk'
Slack : -5.441
TNS   : -1695.368

Type  : Slow 1200mV 85C Model Hold 'clk'
Slack : 0.384
TNS   : 0.000

Type  : Slow 1200mV 85C Model Recovery 'clk'
Slack : -3.525
TNS   : -633.885

Type  : Slow 1200mV 85C Model Removal 'clk'
Slack : 2.863
TNS   : 0.000

Type  : Slow 1200mV 85C Model Minimum Pulse Width 'clk'
Slack : -3.000
TNS   : -740.215

Type  : Slow 1200mV 0C Model Setup 'clk'
Slack : -4.985
TNS   : -1519.187

Type  : Slow 1200mV 0C Model Hold 'clk'
Slack : 0.337
TNS   : 0.000

Type  : Slow 1200mV 0C Model Recovery 'clk'
Slack : -3.071
TNS   : -544.856

Type  : Slow 1200mV 0C Model Removal 'clk'
Slack : 2.548
TNS   : 0.000

Type  : Slow 1200mV 0C Model Minimum Pulse Width 'clk'
Slack : -3.000
TNS   : -740.215

Type  : Fast 1200mV 0C Model Setup 'clk'
Slack : -2.254
TNS   : -606.187

Type  : Fast 1200mV 0C Model Hold 'clk'
Slack : 0.173
TNS   : 0.000

Type  : Fast 1200mV 0C Model Recovery 'clk'
Slack : -1.355
TNS   : -237.128

Type  : Fast 1200mV 0C Model Removal 'clk'
Slack : 1.508
TNS   : 0.000

Type  : Fast 1200mV 0C Model Minimum Pulse Width 'clk'
Slack : -3.000
TNS   : -572.547

------------------------------------------------------------
