------------------------------------------------------------
Timing Analyzer Summary
------------------------------------------------------------

Type  : Slow 1200mV 85C Model Setup 'clk'
Slack : -5.440
TNS   : -1367.034

Type  : Slow 1200mV 85C Model Hold 'clk'
Slack : 0.387
TNS   : 0.000

Type  : Slow 1200mV 85C Model Recovery 'clk'
Slack : -3.143
TNS   : -531.639

Type  : Slow 1200mV 85C Model Removal 'clk'
Slack : 2.993
TNS   : 0.000

Type  : Slow 1200mV 85C Model Minimum Pulse Width 'clk'
Slack : -3.000
TNS   : -642.555

Type  : Slow 1200mV 0C Model Setup 'clk'
Slack : -4.984
TNS   : -1220.068

Type  : Slow 1200mV 0C Model Hold 'clk'
Slack : 0.340
TNS   : 0.000

Type  : Slow 1200mV 0C Model Recovery 'clk'
Slack : -2.750
TNS   : -456.814

Type  : Slow 1200mV 0C Model Removal 'clk'
Slack : 2.673
TNS   : 0.000

Type  : Slow 1200mV 0C Model Minimum Pulse Width 'clk'
Slack : -3.000
TNS   : -642.555

Type  : Fast 1200mV 0C Model Setup 'clk'
Slack : -2.339
TNS   : -470.274

Type  : Fast 1200mV 0C Model Hold 'clk'
Slack : 0.175
TNS   : 0.000

Type  : Fast 1200mV 0C Model Recovery 'clk'
Slack : -1.171
TNS   : -190.702

Type  : Fast 1200mV 0C Model Removal 'clk'
Slack : 1.558
TNS   : 0.000

Type  : Fast 1200mV 0C Model Minimum Pulse Width 'clk'
Slack : -3.000
TNS   : -489.517

------------------------------------------------------------
